// Jest Snapshot v1, https://goo.gl/fbAQLP

exports[`Contact component renders matches snapshot DOM node structure 1`] = `
<DocumentFragment>
  <section
    class="container mContact"
  >
    <form
      id="contact-form"
    >
      <div
        class="form-group"
      >
        <div>
          <label
            for="name"
          >
            Name:
          </label>
          <input
            class="form-control"
            name="name"
            type="text"
            value=""
          />
        </div>
        <div>
          <label
            for="email"
          >
            Email address:
          </label>
          <input
            class="form-control"
            name="email"
            type="email"
            value=""
          />
        </div>
        <div>
          <label
            for="message"
          >
            Message:
          </label>
          <textarea
            class="form-control"
            name="message"
            rows="5"
          />
        </div>
        <button
          class="btn btn-primary"
          data-testid="button"
          type="submit"
        >
          Submit
        </button>
      </div>
    </form>
  </section>
</DocumentFragment>
`;
